RAJ
MAK
JEA
LWD
ZBX
GDO
JBO
XGC
BQE
MJT
MQL
X
ENL
PSQ
FYS
ICJ
RAK
OLX
PI
PPV
SFZ
B
XRD
VAU
BF
FQZ
TPB
QCW
QJP
OTC
HWR
PTW
KQG
CMA
KLG
ODL
EPD
FV
PUL
AD
