ZERO
TWENTY,TWENTY,FIVE,ONE
ZERO
ZERO
ZERO
ZERO
ZERO
TWENTY,FIVE,ONE
TWENTY,FIVE,ONE,QUARTER,DIME
TEN,ONE
TWENTY,FIVE,ONE,QUARTER,DIME
ZERO
ZERO
ERROR
FIFTY,TEN,TWO,TWO,DIME,DIME,PENNY,PENNY
ERROR
NICKEL,PENNY
ONE,HALF DOLLAR,QUARTER
HALF DOLLAR,QUARTER,NICKEL,PENNY,PENNY,PENNY
ZERO
