37 42
17 84 72 18 81 43 41 71 76 70
27 9 24 97 73 8 52 88 95
53 51 33 45 28 43 79 35 32
86 76 82
90
29 12
78 25 1 59 83 99 58 75 55 34
84 87 23 68 28
0 91 57
20
74 73 95 19 71
89 17 33 76 74 38 34 47 7
2 1
6
56
53 91 0 47
1 2 3
13 71 66
64 45 33 3 6 39 94 93 14 98
