20
20
30
30
20
30
30
8
30
8
8
30
30
30
30
30
20
8
30
30
